Last login: Sat Apr 26 15:10:10 on ttys002
(base) dustinprice@Dustins-MacBook-Air-2 ~ % cd /Users/dustinprice/groupsaver-backend

(base) dustinprice@Dustins-MacBook-Air-2 groupsaver-backend % git status

On branch main
Your branch is up to date with 'origin/main'.

Changes not staged for commit:
  (use "git add <file>..." to update what will be committed)
  (use "git restore <file>..." to discard changes in working directory)
	modified:   server.js

Untracked files:
  (use "git add <file>..." to include in what will be committed)
	creds-min.json

no changes added to commit (use "git add" and/or "git commit -a")
(base) dustinprice@Dustins-MacBook-Air-2 groupsaver-backend % git add .

(base) dustinprice@Dustins-MacBook-Air-2 groupsaver-backend % git commit -m "Fix Google Sheets connection and webhook handling"

[main d408e8a] Fix Google Sheets connection and webhook handling
 2 files changed, 20 insertions(+), 9 deletions(-)
 create mode 100644 creds-min.json
(base) dustinprice@Dustins-MacBook-Air-2 groupsaver-backend % git push
Enumerating objects: 6, done.
Counting objects: 100% (6/6), done.
Delta compression using up to 8 threads
Compressing objects: 100% (4/4), done.
Writing objects: 100% (4/4), 2.19 KiB | 2.19 MiB/s, done.
Total 4 (delta 2), reused 0 (delta 0), pack-reused 0
remote: Resolving deltas: 100% (2/2), completed with 2 local objects.
remote: error: GH013: Repository rule violations found for refs/heads/main.
remote: 
remote: - GITHUB PUSH PROTECTION
remote:   —————————————————————————————————————————
remote:     Resolve the following violations before pushing again
remote: 
remote:     - Push cannot contain secrets
remote: 
remote:     
remote:      (?) Learn how to resolve a blocked push
remote:      https://docs.github.com/code-security/secret-scanning/working-with-secret-scanning-and-push-protection/working-with-push-protection-from-the-command-line#resolving-a-blocked-push
remote:     
remote:     
remote:       —— Google Cloud Service Account Credentials ——————————
remote:        locations:
remote:          - commit: d408e8a7af533e9361081345baf5faa426363085
remote:            path: creds-min.json:1
remote:     
remote:        (?) To push, remove secret from commit(s) or follow this URL to allow the secret.
remote:        https://github.com/dman6969/groupsaver_backend/security/secret-scanning/unblock-secret/2wK6viDZNksV5ukKFu3hR2PsCYH
remote:     
remote: 
remote: 
To github.com:dman6969/groupsaver_backend.git
 ! [remote rejected] main -> main (push declined due to repository rule violations)
error: failed to push some refs to 'github.com:dman6969/groupsaver_backend.git'
(base) dustinprice@Dustins-MacBook-Air-2 groupsaver-backend % git rm --cached creds-min.json

rm 'creds-min.json'
(base) dustinprice@Dustins-MacBook-Air-2 groupsaver-backend % echo "creds-min.json" >> .gitignore

(base) dustinprice@Dustins-MacBook-Air-2 groupsaver-backend % git add .gitignore 

(base) dustinprice@Dustins-MacBook-Air-2 groupsaver-backend % git commit -m "Remove creds-min.json and add to .gitignore"

[main 148439d] Remove creds-min.json and add to .gitignore
 2 files changed, 1 insertion(+), 1 deletion(-)
 delete mode 100644 creds-min.json
(base) dustinprice@Dustins-MacBook-Air-2 groupsaver-backend % git push
Enumerating objects: 10, done.
Counting objects: 100% (10/10), done.
Delta compression using up to 8 threads
Compressing objects: 100% (6/6), done.
Writing objects: 100% (7/7), 2.50 KiB | 2.50 MiB/s, done.
Total 7 (delta 3), reused 0 (delta 0), pack-reused 0
remote: Resolving deltas: 100% (3/3), completed with 2 local objects.
remote: error: GH013: Repository rule violations found for refs/heads/main.
remote: 
remote: - GITHUB PUSH PROTECTION
remote:   —————————————————————————————————————————
remote:     Resolve the following violations before pushing again
remote: 
remote:     - Push cannot contain secrets
remote: 
remote:     
remote:      (?) Learn how to resolve a blocked push
remote:      https://docs.github.com/code-security/secret-scanning/working-with-secret-scanning-and-push-protection/working-with-push-protection-from-the-command-line#resolving-a-blocked-push
remote:     
remote:     
remote:       —— Google Cloud Service Account Credentials ——————————
remote:        locations:
remote:          - commit: d408e8a7af533e9361081345baf5faa426363085
remote:            path: creds-min.json:1
remote:     
remote:        (?) To push, remove secret from commit(s) or follow this URL to allow the secret.
remote:        https://github.com/dman6969/groupsaver_backend/security/secret-scanning/unblock-secret/2wK6viDZNksV5ukKFu3hR2PsCYH
remote:     
remote: 
remote: 
To github.com:dman6969/groupsaver_backend.git
 ! [remote rejected] main -> main (push declined due to repository rule violations)
error: failed to push some refs to 'github.com:dman6969/groupsaver_backend.git'
(base) dustinprice@Dustins-MacBook-Air-2 groupsaver-backend % git rebase -i HEAD~2
hint: Waiting for your editor to close the file... 
drop d408e8a Fix Google Sheets connection and webhook handling
pick d408e8a Fix Google Sheets connection and webhook handling
pick 148439d Remove creds-min.json and add to .gitignore

# Rebase 81184e0..148439d onto 81184e0 (2 commands)
#
# Commands:
# p, pick <commit> = use commit
# r, reword <commit> = use commit, but edit the commit message
# e, edit <commit> = use commit, but stop for amending
# s, squash <commit> = use commit, but meld into previous commit
# f, fixup [-C | -c] <commit> = like "squash" but keep only the previous
#                    commit's log message, unless -C is used, in which case
#                    keep only this commit's message; -c is same as -C but
#                    opens the editor
# x, exec <command> = run command (the rest of the line) using shell
# b, break = stop here (continue rebase later with 'git rebase --continue')
# d, drop <commit> = remove commit
# l, label <label> = label current HEAD with a name
# t, reset <label> = reset HEAD to a label
# m, merge [-C <commit> | -c <commit>] <label> [# <oneline>]
#         create a merge commit using the original merge commit's
#         message (or the oneline, if no original merge commit was

